C51 COMPILER V9.52.0.0   T_SLAVERV1_UART                                                   05/18/2018 13:46:32 PAGE 1   


C51 COMPILER V9.52.0.0, COMPILATION OF MODULE T_SLAVERV1_UART
OBJECT MODULE PLACED IN T-SlaverV1_Uart.OBJ
COMPILER INVOKED BY: C:\Keil\C51\BIN\C51.EXE T-SlaverV1_Uart.c BROWSE DEBUG OBJECTEXTEND TABS(2)

line level    source

   1          #include "T-SlaverV1.h"
   2          //#include "T-MasterV1_Uart.h"
   3          
   4          bit busy1;
   5          unsigned char RX1_Cnt;
   6          unsigned char TX1_Cnt;
   7          unsigned char xdata Uart1_Buffer[UART1_RICEIVE_MAX];
   8          
   9          bit busy2;
  10          unsigned char RX2_Cnt;
  11          unsigned char TX2_Cnt;
  12          unsigned char xdata Uart2_Buffer[UART2_RICEIVE_MAX];
  13          /*************************************************
  14            Copyright (C), 2016-2018, Omnivoltaic Energy Solutions Tech. Co., Ltd.
  15            
  16            Function:       // STCUart1Init
  17          
  18            Description:    // Uart1 Init P30=RxD P31=TxD
  19          
  20            Calls:          // System init
  21          
  22            Input:          // BRT is 波特率
  23          
  24            Output:         // Non
  25            
  26            Return:         // Non
  27          
  28            Others:         // 在头文件定义BRT波特率
  29            
  30            Author:         // Liu Rongkun(Micheal)
  31            
  32            Data:           // 2018/03/27
  33          *************************************************/
  34          void STCUart1Init(void)
  35          {
  36   1          SCON = 0x50;
  37   1          TMOD = 0x00;
  38   1          TL1 = BRT;              /*设置波特率*/
  39   1          TH1 = BRT >> 8;         
  40   1          TR1 = 1;
  41   1          AUXR |= 0x40;   
  42   1          AUXR &= 0xFE;   
  43   1          TX1_Cnt = 0x00;
  44   1          RX1_Cnt = 0x00;
  45   1          busy1 = 0;
  46   1      }
  47          /*************************************************
  48            Copyright (C), 2016-2018, Omnivoltaic Energy Solutions Tech. Co., Ltd.
  49            
  50            Function:       // STCUart1Init
  51          
  52            Description:    // Uart2 Init P10=RxD P11=TxD
  53          
  54            Calls:          // System init
  55          
C51 COMPILER V9.52.0.0   T_SLAVERV1_UART                                                   05/18/2018 13:46:32 PAGE 2   

  56            Input:          // BRT is 波特率
  57          
  58            Output:         // Non
  59            
  60            Return:         // Non
  61          
  62            Others:         // 在头文件定义BRT波特率
  63            
  64            Author:         // Liu Rongkun(Micheal)
  65            
  66            Data:           // 2018/03/27
  67          *************************************************/
  68          void STCUart2Init(void)
  69          {
  70   1          S2CON = 0x50;
  71   1          T2L = BRT2;
  72   1          T2H = BRT2 >> 8;
  73   1          AUXR |= 0x14;
  74   1          TX2_Cnt = 0x00;
  75   1          RX2_Cnt = 0x00;
  76   1          busy2 = 0;
  77   1        
  78   1          IE2 = 0x01;
  79   1          EA = 1;
  80   1          ES |= 1;
  81   1          EA |= 1;
  82   1      }
  83          /*************************************************
  84            Copyright (C), 2016-2018, Omnivoltaic Energy Solutions Tech. Co., Ltd.
  85            
  86            Function:       // PrintString1
  87          
  88            Description:    // Send char string by Uart1
  89          
  90            Calls:          // System init
  91          
  92            Input:          // unsigned char 
  93          
  94            Output:         // Non
  95            
  96            Return:         // Non
  97          
  98            Others:         // Stop in /0
  99            
 100            Author:         // Liu Rongkun(Micheal)
 101            
 102            Data:           // 2018/03/27
 103          *************************************************/
 104          void PrintString1(unsigned char *puts) //发送一个字符串
 105          {
 106   1          for (; *puts != 0;  puts++)     //遇到停止符0结束
 107   1          {
 108   2              SBUF = *puts;
 109   2              busy1 = 1;
 110   2              while(busy1);
 111   2          }
 112   1      }
 113          /*************************************************
 114            Copyright (C), 2016-2018, Omnivoltaic Energy Solutions Tech. Co., Ltd.
 115            
 116            Function:       // Debug_print
 117          
C51 COMPILER V9.52.0.0   T_SLAVERV1_UART                                                   05/18/2018 13:46:32 PAGE 3   

 118            Description:    // prin debug msg
 119          
 120            Calls:          // debug molde
 121          
 122            Input:          // unsigned char 
 123          
 124            Output:         // Non
 125            
 126            Return:         // Non
 127          
 128            Others:         // Stop in /0
 129            
 130            Author:         // Liu Rongkun(Micheal)
 131            
 132            Data:           // 2018/04/24
 133          *************************************************/
 134          void Debug_print(unsigned char *puts) //发送一个字符串
 135          {
 136   1      #ifndef DEVELOP_MODEL
                
              #else
 139   1          for (; *puts != 0;  puts++)     //遇到停止符0结束
 140   1          {
 141   2              SBUF = *puts;
 142   2              busy1 = 1;
 143   2              while(busy1);
 144   2          }
 145   1      #endif
 146   1      }
 147          /*************************************************
 148            Copyright (C), 2016-2018, Omnivoltaic Energy Solutions Tech. Co., Ltd.
 149            
 150            Function:       // PrintString1
 151          
 152            Description:    // Send char string by Uart1
 153          
 154            Calls:          // System init
 155          
 156            Input:          // unsigned char 
 157          
 158            Output:         // Non
 159            
 160            Return:         // Non
 161          
 162            Others:         // Stop in /0
 163            
 164            Author:         // Liu Rongkun(Micheal)
 165            
 166            Data:           // 2018/03/30
 167          *************************************************/
 168          //void PrintString1_num(unsigned char *puts,unsigned int len) //发送一个字符串
 169          //{
 170          //  unsigned int i;
 171          //  for(i = 0; i < len; i++)
 172          //  {
 173          //    SBUF = *puts++;
 174          //    busy1 = 1;
 175          //    while(busy1);
 176          //  }
 177          //}
 178          void PrintString1_num( unsigned char *str, unsigned int strlen) 
 179          {  
C51 COMPILER V9.52.0.0   T_SLAVERV1_UART                                                   05/18/2018 13:46:32 PAGE 4   

 180   1        unsigned int k = 0 ;  
 181   1        do  
 182   1       {  
 183   2        UartSend(*(str + k)); 
 184   2        k++; 
 185   2       }  
 186   1         while (k < strlen);  
 187   1      } 
 188          /*************************************************
 189            Copyright (C), 2016-2018, Omnivoltaic Energy Solutions Tech. Co., Ltd.
 190            
 191            Function:       // PrintString2_num
 192          
 193            Description:    // Send char string by Uart1
 194          
 195            Calls:          // System init
 196          
 197            Input:          // unsigned char  , Data Len
 198          
 199            Output:         // Non
 200            
 201            Return:         // Non
 202          
 203            Others:         // Stop in /0
 204            
 205            Author:         // Liu Rongkun(Micheal)
 206            
 207            Data:           // 2018/03/30
 208          *************************************************/
 209          //void PrintString2_num(unsigned char *puts,unsigned int len) //发送一个字符串
 210          //{
 211          //  unsigned int i;
 212          //  for(i = 0; i < len; i++)
 213          //  {
 214          //    S2BUF = *puts++;
 215          //    busy2 = 1;
 216          //    while(busy2);
 217          //  }
 218          //}
 219          void PrintString2_num( unsigned char *str, unsigned int strlen) 
 220          {  
 221   1        unsigned int k = 0 ;  
 222   1        do  
 223   1       {  
 224   2        Uart2Send(*(str + k)); 
 225   2        k++; 
 226   2       }  
 227   1         while (k < strlen);  
 228   1      } 
 229          /*************************************************
 230            Copyright (C), 2016-2018, Omnivoltaic Energy Solutions Tech. Co., Ltd.
 231            
 232            Function:       // PrintString2
 233          
 234            Description:    // Send char string by Uart2
 235          
 236            Calls:          // System init
 237          
 238            Input:          // unsigned char 
 239          
 240            Output:         // Non
 241            
C51 COMPILER V9.52.0.0   T_SLAVERV1_UART                                                   05/18/2018 13:46:32 PAGE 5   

 242            Return:         // Non
 243          
 244            Others:         // Stop in /0
 245            
 246            Author:         // Liu Rongkun(Micheal)
 247            
 248            Data:           // 2018/03/27
 249          *************************************************/
 250          void PrintString2(unsigned char *puts) //发送一个字符串
 251          {
 252   1          for (; *puts != 0;  puts++)     //遇到停止符0结束
 253   1          {
 254   2              S2BUF = *puts;
 255   2              busy2 = 1;
 256   2              while(busy2);
 257   2          }
 258   1      }
 259          /*************************************************
 260            Copyright (C), 2016-2018, Omnivoltaic Energy Solutions Tech. Co., Ltd.
 261            
 262            Function:       // Uart2Send
 263          
 264            Description:    // Send char string by Uart2
 265          
 266            Calls:          // System init
 267          
 268            Input:          // unsigned char 
 269          
 270            Output:         // Non
 271            
 272            Return:         // Non
 273          
 274            Others:         // Stop in /0
 275            
 276            Author:         // Liu Rongkun(Micheal)
 277            
 278            Data:           // 2018/03/29
 279          *************************************************/
 280          void Uart2Send(unsigned char dat)
 281          {
 282   1          while (busy2);
 283   1          busy2 = 1;
 284   1          S2BUF = dat;
 285   1      }
 286          /*************************************************
 287            Copyright (C), 2016-2018, Omnivoltaic Energy Solutions Tech. Co., Ltd.
 288            
 289            Function:       // UartSend
 290          
 291            Description:    // Send char string by Uart1
 292          
 293            Calls:          // System init
 294          
 295            Input:          // unsigned char 
 296          
 297            Output:         // Non
 298            
 299            Return:         // Non
 300          
 301            Others:         // Stop in /0
 302            
 303            Author:         // Liu Rongkun(Micheal)
C51 COMPILER V9.52.0.0   T_SLAVERV1_UART                                                   05/18/2018 13:46:32 PAGE 6   

 304            
 305            Data:           // 2018/03/29
 306          *************************************************/
 307          //void UartSend(unsigned char dat)
 308          //{
 309          //    while (busy1);
 310          //    busy1 = 1;
 311          //    SBUF = dat;
 312          //}
 313          void UartSend( unsigned char ch)  
 314          {  
 315   1      
 316   1         SBUF=ch;  
 317   1         while (TI== 0);  
 318   1         TI= 0 ;  
 319   1      } 
 320          /*************************************************
 321            Copyright (C), 2016-2018, Omnivoltaic Energy Solutions Tech. Co., Ltd.
 322            
 323            Function:       // STCUart2_Interrupt
 324          
 325            Description:    // Uart2 Interrupt Program
 326          
 327            Calls:          // CPU
 328          
 329            Input:          // Non
 330          
 331            Output:         // Non
 332            
 333            Return:         // Non
 334          
 335            Others:         // 串口2中断程序
 336            
 337            Author:         // Liu Rongkun(Micheal)
 338            
 339            Data:           // 2018/03/27
 340          *************************************************/
 341          void STCUart2_Interrupt() interrupt 8 using 1
 342          {
 343   1          if (S2CON & 0x02)
 344   1          {
 345   2              S2CON &= ~0x02; /**/
 346   2              busy2 = 0;
 347   2          }
 348   1          if (S2CON & 0x01)/*判断是否有中断产生*/
 349   1          {
 350   2      //        S2CON &= ~0x01;
 351   2      //        Uart2_Buffer[RX2_Cnt] = S2BUF;  
 352   2      //        if(++RX2_Cnt >= UART2_RICEIVE_MAX)   RX2_Cnt = 0;    //防溢出
 353   2            S2CON &= ~0x01;
 354   2             Master_Uart_Process();
 355   2          }
 356   1      }
 357          
 358          /*************************************************
 359            Copyright (C), 2016-2018, Omnivoltaic Energy Solutions Tech. Co., Ltd.
 360            
 361            Function:       // STCUart1_Interrupt
 362          
 363            Description:    // Uart1 Interrupt Program
 364          
 365            Calls:          // CPU
C51 COMPILER V9.52.0.0   T_SLAVERV1_UART                                                   05/18/2018 13:46:32 PAGE 7   

 366          
 367            Input:          // Non
 368          
 369            Output:         // Non
 370            
 371            Return:         // Non
 372          
 373            Others:         // 串口1中断程序
 374            
 375            Author:         // Liu Rongkun(Micheal)
 376            
 377            Data:           // 2018/03/27
 378          *************************************************/
 379          void STCUart1_Interrupt() interrupt 4 using 1
 380          {
 381   1          if (TI)
 382   1          {
 383   2              TI = 0;
 384   2              busy1 = 0;
 385   2          }
 386   1          if (RI)
 387   1          {
 388   2              RI = 0;
 389   2              Uart1_Buffer[RX1_Cnt] = SBUF;
 390   2              if(++RX1_Cnt >= UART1_RICEIVE_MAX)   RX1_Cnt = 0;    //防溢出
 391   2          }
 392   1      }
 393          


MODULE INFORMATION:   STATIC OVERLAYABLE
   CODE SIZE        =    342    ----
   CONSTANT SIZE    =   ----    ----
   XDATA SIZE       =    256    ----
   PDATA SIZE       =   ----    ----
   DATA SIZE        =      4      14
   IDATA SIZE       =   ----    ----
   BIT SIZE         =      2    ----
END OF MODULE INFORMATION.


C51 COMPILATION COMPLETE.  0 WARNING(S),  0 ERROR(S)
