C51 COMPILER V9.52.0.0   T_MASTERV1_DELAY                                                  04/24/2018 17:24:56 PAGE 1   


C51 COMPILER V9.52.0.0, COMPILATION OF MODULE T_MASTERV1_DELAY
OBJECT MODULE PLACED IN T-MasterV1_Delay.OBJ
COMPILER INVOKED BY: C:\Keil\C51\BIN\C51.EXE T-MasterV1_Delay.c BROWSE DEBUG OBJECTEXTEND TABS(2)

line level    source

   1          #include "T-MasterV1.h"
   2          #include "T-MasterV1_Delay.h"
   3          /*************************************************
   4            Copyright (C), 2016-2018, Omnivoltaic Energy Solutions Tech. Co., Ltd.
   5            
   6            Function:       // Delay1ms
   7          
   8            Description:    // @11.0592MHz Delay 1ms
   9          
  10            Calls:          // 
  11          
  12            Input:          // 
  13          
  14            Output:         // Non
  15            
  16            Return:         // Non
  17          
  18            Others:         // 
  19            
  20            Author:         // Liu Rongkun(Micheal)
  21            
  22            Data:           // 2018/04/13
  23          *************************************************/
  24          void Delay1ms()   //@11.0592MHz
  25          {
  26   1        unsigned char i, j;
  27   1        i = 11;
  28   1        j = 190;
  29   1        do
  30   1        {
  31   2          while (--j);
  32   2        } while (--i);
  33   1      }
  34          /*************************************************
  35            Copyright (C), 2016-2018, Omnivoltaic Energy Solutions Tech. Co., Ltd.
  36            
  37            Function:       // Delay1ms
  38          
  39            Description:    // @11.0592MHz Delay 20ms
  40          
  41            Calls:          // 
  42          
  43            Input:          // 
  44          
  45            Output:         // Non
  46            
  47            Return:         // Non
  48          
  49            Others:         // 
  50            
  51            Author:         // Liu Rongkun(Micheal)
  52            
  53            Data:           // 2018/04/13
  54          *************************************************/
  55          void Delay20ms()    //@11.0592MHz
C51 COMPILER V9.52.0.0   T_MASTERV1_DELAY                                                  04/24/2018 17:24:56 PAGE 2   

  56          {
  57   1        unsigned char i, j, k;
  58   1      
  59   1      
  60   1        i = 1;
  61   1        j = 216;
  62   1        k = 35;
  63   1        do
  64   1        {
  65   2          do
  66   2          {
  67   3            while (--k);
  68   3          } while (--j);
  69   2        } while (--i);
  70   1      }
  71          /*************************************************
  72            Copyright (C), 2016-2018, Omnivoltaic Energy Solutions Tech. Co., Ltd.
  73            
  74            Function:       // Delay1ms
  75          
  76            Description:    // @11.0592MHz Delay 500ms
  77          
  78            Calls:          // 
  79          
  80            Input:          // 
  81          
  82            Output:         // Non
  83            
  84            Return:         // Non
  85          
  86            Others:         // 
  87            
  88            Author:         // Liu Rongkun(Micheal)
  89            
  90            Data:           // 2018/04/13
  91          *************************************************/
  92          void Delay500ms()   //@11.0592MHz
  93          {
  94   1        unsigned char i, j, k;
  95   1      
  96   1        _nop_();
  97   1        _nop_();
  98   1        i = 22;
  99   1        j = 3;
 100   1        k = 227;
 101   1        do
 102   1        {
 103   2          do
 104   2          {
 105   3            while (--k);
 106   3          } while (--j);
 107   2        } while (--i);
 108   1      }
 109          /*************************************************
 110            Copyright (C), 2016-2018, Omnivoltaic Energy Solutions Tech. Co., Ltd.
 111            
 112            Function:       // Delay1ms
 113          
 114            Description:    // @11.0592MHz Delay 1000ms
 115          
 116            Calls:          // 
 117          
C51 COMPILER V9.52.0.0   T_MASTERV1_DELAY                                                  04/24/2018 17:24:56 PAGE 3   

 118            Input:          // 
 119          
 120            Output:         // Non
 121            
 122            Return:         // Non
 123          
 124            Others:         // 
 125            
 126            Author:         // Liu Rongkun(Micheal)
 127            
 128            Data:           // 2018/04/13
 129          *************************************************/
 130          void Delay1000ms()    //@11.0592MHz
 131          {
 132   1        unsigned char i, j, k;
 133   1      
 134   1      
 135   1        i = 43;
 136   1        j = 6;
 137   1        k = 203;
 138   1        do
 139   1        {
 140   2          do
 141   2          {
 142   3            while (--k);
 143   3          } while (--j);
 144   2        } while (--i);
 145   1      }
 146          /*************************************************
 147            Copyright (C), 2016-2018, Omnivoltaic Energy Solutions Tech. Co., Ltd.
 148            
 149            Function:       // Delay1ms
 150          
 151            Description:    // @11.0592MHz Delay 200ms
 152          
 153            Calls:          // 
 154          
 155            Input:          // 
 156          
 157            Output:         // Non
 158            
 159            Return:         // Non
 160          
 161            Others:         // 
 162            
 163            Author:         // Liu Rongkun(Micheal)
 164            
 165            Data:           // 2018/04/13
 166          *************************************************/
 167          void Delay200ms()   //@11.0592MHz
 168          {
 169   1        unsigned char i, j, k;
 170   1      
 171   1        _nop_();
 172   1        _nop_();
 173   1        i = 9;
 174   1        j = 104;
 175   1        k = 139;
 176   1        do
 177   1        {
 178   2          do
 179   2          {
C51 COMPILER V9.52.0.0   T_MASTERV1_DELAY                                                  04/24/2018 17:24:56 PAGE 4   

 180   3            while (--k);
 181   3          } while (--j);
 182   2        } while (--i);
 183   1      }
 184          


MODULE INFORMATION:   STATIC OVERLAYABLE
   CODE SIZE        =     65    ----
   CONSTANT SIZE    =   ----    ----
   XDATA SIZE       =   ----    ----
   PDATA SIZE       =   ----    ----
   DATA SIZE        =   ----    ----
   IDATA SIZE       =   ----    ----
   BIT SIZE         =   ----    ----
END OF MODULE INFORMATION.


C51 COMPILATION COMPLETE.  0 WARNING(S),  0 ERROR(S)
